🏦 Fetching bank rates...
🦁 KhaanRate running
📡 Supabase: connected
  ✅ GolomtBank
  ✅ XacBank
  ✅ StateBank
